{
  "event": "approved",
  "onboardingDataId": "00000000-0000-1000-0000-000000000000",
  "accountStatus": "approved",
  "accountNumber": "123456789",
  "routingNumber": "555555555"
}
